<?xml version="1.0" encoding="UTF-8"?>
<TestRun id="fde60116-a1d6-483b-a53c-8ad2f4c3fb7c" name="spf@WKSPF4 2011-05-18 00:49:17" runUser="ASCORP\spf" xmlns="http://microsoft.com/schemas/VisualStudio/TeamTest/2010">
  <TestSettings name="Local" id="9c902be1-ba22-4d4e-825f-91cd920b426b">
    <Description>These are default test settings for a local test run.</Description>
    <Deployment enabled="false" runDeploymentRoot="spf_WKSPF4 2011-05-18 00_49_17">
      <DeploymentItem filename="C:\SPF\prompt11\uc01\repos\PROMPT11-01-VMEssentials.sandrapatfer\Sessao 4\Sessao4\Binding\bin\Debug\Binding.dll" />
    </Deployment>
    <Execution>
      <TestTypeSpecific />
      <AgentRule name="Execution Agents">
      </AgentRule>
    </Execution>
  </TestSettings>
  <Times creation="2011-05-18T00:49:17.8191038+01:00" queuing="2011-05-18T00:49:17.8351047+01:00" start="2011-05-18T00:49:17.8663048+01:00" finish="2011-05-18T00:49:18.1003052+01:00" />
  <ResultSummary outcome="Completed">
    <Counters total="1" executed="1" passed="1" error="0" failed="0" timeout="0" aborted="0" inconclusive="0" passedButRunAborted="0" notRunnable="0" notExecuted="0" disconnected="0" warning="0" completed="0" inProgress="0" pending="0" />
  </ResultSummary>
  <TestDefinitions>
    <UnitTest name="bind2_when_member_has_invalid_type_throws_exception" storage="c:\spf\prompt11\uc01\repos\prompt11-01-vmessentials.sandrapatfer\sessao 4\sessao4\binding.tests2\bin\debug\binding.tests2.dll" id="0a51e0c7-a88b-eaf4-df84-cd111dca541b">
      <Execution id="eb4032f0-b5b2-412b-a7c2-592cdadd7f70" />
      <TestMethod codeBase="C:/SPF/prompt11/uc01/repos/PROMPT11-01-VMEssentials.sandrapatfer/Sessao 4/Sessao4/Binding.Tests2/bin/Debug/Binding.Tests2.DLL" adapterTypeName="Microsoft.VisualStudio.TestTools.TestTypes.Unit.UnitTestAdapter, Microsoft.VisualStudio.QualityTools.Tips.UnitTest.Adapter, Version=10.0.0.0, Culture=neutral, PublicKeyToken=b03f5f7f11d50a3a" className="Binding.Tests2.BindingTests, Binding.Tests2, Version=1.0.0.0, Culture=neutral, PublicKeyToken=null" name="bind2_when_member_has_invalid_type_throws_exception" />
    </UnitTest>
  </TestDefinitions>
  <TestLists>
    <TestList name="Results Not in a List" id="8c84fa94-04c1-424b-9868-57a2d4851a1d" />
    <TestList name="All Loaded Results" id="19431567-8539-422a-85d7-44ee4e166bda" />
  </TestLists>
  <TestEntries>
    <TestEntry testId="0a51e0c7-a88b-eaf4-df84-cd111dca541b" executionId="eb4032f0-b5b2-412b-a7c2-592cdadd7f70" testListId="8c84fa94-04c1-424b-9868-57a2d4851a1d" />
  </TestEntries>
  <Results>
    <UnitTestResult executionId="eb4032f0-b5b2-412b-a7c2-592cdadd7f70" testId="0a51e0c7-a88b-eaf4-df84-cd111dca541b" testName="bind2_when_member_has_invalid_type_throws_exception" computerName="WKSPF4" duration="00:00:00.0170207" startTime="2011-05-18T00:49:17.8663048+01:00" endTime="2011-05-18T00:49:18.1003052+01:00" testType="13cdc9d9-ddb5-4fa4-a97d-d965ccfc6d4b" outcome="Passed" testListId="8c84fa94-04c1-424b-9868-57a2d4851a1d" relativeResultsDirectory="eb4032f0-b5b2-412b-a7c2-592cdadd7f70">
    </UnitTestResult>
  </Results>
</TestRun>