<?xml version="1.0" encoding="UTF-8"?>
<TestRun id="b1801c2c-6d6c-4afb-a564-283ebb292669" name="spf@WKSPF4 2011-05-18 01:57:16" runUser="ASCORP\spf" xmlns="http://microsoft.com/schemas/VisualStudio/TeamTest/2010">
  <TestSettings name="Local" id="9c902be1-ba22-4d4e-825f-91cd920b426b">
    <Description>These are default test settings for a local test run.</Description>
    <Deployment enabled="false" runDeploymentRoot="spf_WKSPF4 2011-05-18 01_57_16">
      <DeploymentItem filename="C:\SPF\prompt11\uc01\repos\PROMPT11-01-VMEssentials.sandrapatfer\Sessao 4\Sessao4\Binding\bin\Debug\Binding.dll" />
    </Deployment>
    <Execution>
      <TestTypeSpecific />
      <AgentRule name="Execution Agents">
      </AgentRule>
    </Execution>
  </TestSettings>
  <Times creation="2011-05-18T01:57:16.1202102+01:00" queuing="2011-05-18T01:57:16.1412123+01:00" start="2011-05-18T01:57:16.1502132+01:00" finish="2011-05-18T01:57:16.4552437+01:00" />
  <ResultSummary outcome="Failed">
    <Counters total="1" executed="1" error="0" failed="1" timeout="0" aborted="0" inconclusive="0" passedButRunAborted="0" notRunnable="0" notExecuted="0" disconnected="0" warning="0" passed="0" completed="0" inProgress="0" pending="0" />
  </ResultSummary>
  <TestDefinitions>
    <UnitTest name="bind2_convert_point" storage="c:\spf\prompt11\uc01\repos\prompt11-01-vmessentials.sandrapatfer\sessao 4\sessao4\binding.tests2\bin\debug\binding.tests2.dll" id="3bac91ab-f6de-dc93-6a72-a978fffd7be3">
      <Execution id="be8e4a50-2e46-4d9f-a096-33616e994c33" />
      <TestMethod codeBase="C:/SPF/prompt11/uc01/repos/PROMPT11-01-VMEssentials.sandrapatfer/Sessao 4/Sessao4/Binding.Tests2/bin/Debug/Binding.Tests2.DLL" adapterTypeName="Microsoft.VisualStudio.TestTools.TestTypes.Unit.UnitTestAdapter, Microsoft.VisualStudio.QualityTools.Tips.UnitTest.Adapter, Version=10.0.0.0, Culture=neutral, PublicKeyToken=b03f5f7f11d50a3a" className="Binding.Tests2.BindingTests, Binding.Tests2, Version=1.0.0.0, Culture=neutral, PublicKeyToken=null" name="bind2_convert_point" />
    </UnitTest>
  </TestDefinitions>
  <TestLists>
    <TestList name="Results Not in a List" id="8c84fa94-04c1-424b-9868-57a2d4851a1d" />
    <TestList name="All Loaded Results" id="19431567-8539-422a-85d7-44ee4e166bda" />
  </TestLists>
  <TestEntries>
    <TestEntry testId="3bac91ab-f6de-dc93-6a72-a978fffd7be3" executionId="be8e4a50-2e46-4d9f-a096-33616e994c33" testListId="8c84fa94-04c1-424b-9868-57a2d4851a1d" />
  </TestEntries>
  <Results>
    <UnitTestResult executionId="be8e4a50-2e46-4d9f-a096-33616e994c33" testId="3bac91ab-f6de-dc93-6a72-a978fffd7be3" testName="bind2_convert_point" computerName="WKSPF4" duration="00:00:00.0320748" startTime="2011-05-18T01:57:16.1522134+01:00" endTime="2011-05-18T01:57:16.4422424+01:00" testType="13cdc9d9-ddb5-4fa4-a97d-d965ccfc6d4b" outcome="Failed" testListId="8c84fa94-04c1-424b-9868-57a2d4851a1d" relativeResultsDirectory="be8e4a50-2e46-4d9f-a096-33616e994c33">
      <Output>
        <ErrorInfo>
          <Message>Test method Binding.Tests2.BindingTests.bind2_convert_point threw exception: 
Binding.InvalidMemberTypeException: Type System.Drawing.Point of member ThePoint is not primitive</Message>
          <StackTrace>    at Binding.FieldBinder.ThrowInvalidMemberTypeException() in C:\SPF\prompt11\uc01\repos\PROMPT11-01-VMEssentials.sandrapatfer\Sessao 4\Sessao4\Binding\Binder.cs:line 81
   at Binding.MemberBinder.Bind(Object newInstance, String value) in C:\SPF\prompt11\uc01\repos\PROMPT11-01-VMEssentials.sandrapatfer\Sessao 4\Sessao4\Binding\Binder.cs:line 22
   at Binding.TypeMap.Bind(String memberName, String memberValue, Object objInstance) in C:\SPF\prompt11\uc01\repos\PROMPT11-01-VMEssentials.sandrapatfer\Sessao 4\Sessao4\Binding\Binder.cs:line 126
   at Binding.Binder.BindTo2[T](IEnumerable`1 pairs) in C:\SPF\prompt11\uc01\repos\PROMPT11-01-VMEssentials.sandrapatfer\Sessao 4\Sessao4\Binding\Binder.cs:line 200
   at Binding.Tests2.BindingTests.bind2_convert_point() in C:\SPF\prompt11\uc01\repos\PROMPT11-01-VMEssentials.sandrapatfer\Sessao 4\Sessao4\Binding.Tests2\BindingTests.cs:line 194
</StackTrace>
        </ErrorInfo>
      </Output>
    </UnitTestResult>
  </Results>
</TestRun>